
> endpoint-project@0.0.0 build
> ng build

[33mΓ¥»[39m Building...
[32mΓ£ö[39m Building...
[1mInitial chunk files[22m[2m | [22m[1mNames[22m                [2m | [22m [1mRaw size[22m[2m | [22m[1mEstimated transfer size[22m
[32mchunk-BOFPOSYA.js[39m  [2m | [22m[2m-[22m                    [2m | [22m[36m146.21 kB[39m[2m | [22m               [36m43.00 kB[39m
[32mmain-2YIIWJQE.js[39m   [2m | [22m[2mmain[22m                 [2m | [22m[36m121.98 kB[39m[2m | [22m               [36m18.80 kB[39m
[32mchunk-BCXGXWAF.js[39m  [2m | [22m[2m-[22m                    [2m | [22m [36m85.33 kB[39m[2m | [22m               [36m21.60 kB[39m
[32mchunk-WNXWLP4F.js[39m  [2m | [22m[2m-[22m                    [2m | [22m [36m26.40 kB[39m[2m | [22m                [36m5.93 kB[39m
[32mstyles-NTCD3DHK.css[39m[2m | [22m[2mstyles[22m               [2m | [22m [36m19.71 kB[39m[2m | [22m                [36m1.72 kB[39m
[32mchunk-7YPCB2SI.js[39m  [2m | [22m[2m-[22m                    [2m | [22m [36m16.95 kB[39m[2m | [22m                [36m4.70 kB[39m
[32mchunk-7C7KMEXQ.js[39m  [2m | [22m[2m-[22m                    [2m | [22m [36m15.63 kB[39m[2m | [22m                [36m4.87 kB[39m

[1m [22m                  [2m | [22m[1mInitial total[22m        [2m | [22m[1m432.20 kB[22m[2m | [22m              [1m100.61 kB[22m

[1mLazy chunk files[22m   [2m | [22m[1mNames[22m                [2m | [22m [1mRaw size[22m[2m | [22m[1mEstimated transfer size[22m
[32mchunk-IIOFHUKT.js[39m  [2m | [22m[2moverview[22m             [2m | [22m [36m28.27 kB[39m[2m | [22m                [36m5.59 kB[39m
[32mchunk-3DIVMXZI.js[39m  [2m | [22m[2manalytics[22m            [2m | [22m [36m23.98 kB[39m[2m | [22m                [36m4.74 kB[39m
[32mchunk-ZD5DDWSX.js[39m  [2m | [22m[2mincidents[22m            [2m | [22m [36m20.75 kB[39m[2m | [22m                [36m4.41 kB[39m
[32mchunk-XE4IH2CS.js[39m  [2m | [22m[2mendpoints[22m            [2m | [22m [36m20.29 kB[39m[2m | [22m                [36m3.65 kB[39m
[32mchunk-FQZHJSAE.js[39m  [2m | [22m[2mthreats[22m              [2m | [22m [36m17.76 kB[39m[2m | [22m                [36m3.56 kB[39m
[32mchunk-IQUNPNEL.js[39m  [2m | [22m[2mprofile[22m              [2m | [22m [36m16.56 kB[39m[2m | [22m                [36m3.93 kB[39m
[32mchunk-XQ2EZB4R.js[39m  [2m | [22m[2musers[22m                [2m | [22m [36m15.54 kB[39m[2m | [22m                [36m3.40 kB[39m
[32mchunk-3IG2TAPP.js[39m  [2m | [22m[2mreports[22m              [2m | [22m  [36m6.50 kB[39m[2m | [22m                [36m1.51 kB[39m
[32mchunk-MD2HF6NI.js[39m  [2m | [22m[2mtopic[22m                [2m | [22m  [36m5.78 kB[39m[2m | [22m                [36m1.82 kB[39m
[32mchunk-WZSCN5TN.js[39m  [2m | [22m[2mnotifications[22m        [2m | [22m  [36m4.98 kB[39m[2m | [22m                [36m1.13 kB[39m
[32mchunk-AGPE44LT.js[39m  [2m | [22m[2msecurity[22m             [2m | [22m  [36m4.84 kB[39m[2m | [22m                [36m1.12 kB[39m
[32mchunk-2Z4BLE3W.js[39m  [2m | [22m[2msettings[22m             [2m | [22m  [36m4.32 kB[39m[2m | [22m                [36m1.09 kB[39m
[32mchunk-XDNXALQP.js[39m  [2m | [22m[2morganization[22m         [2m | [22m  [36m2.92 kB[39m[2m | [22m              [36m799 bytes[39m
[32mchunk-VL4EBSWX.js[39m  [2m | [22m[2mapi-keys[22m             [2m | [22m  [36m2.71 kB[39m[2m | [22m              [36m848 bytes[39m
[32mchunk-VIWXFBIG.js[39m  [2m | [22m[2mplaceholder-component[22m[2m | [22m[36m538 bytes[39m[2m | [22m              [36m538 bytes[39m

Application bundle generation failed. [4.719 seconds] - 2026-02-09T05:10:20.658Z

